
> temp_next@0.1.0 build
> next build

   Γû▓ Next.js 16.0.10 (Turbopack)

   Creating an optimized production build ...
 Γ£ô Compiled successfully in 14.7s
   Running TypeScript ...
node.exe : Failed to 
compile.
At C:\Program Files\no
dejs\npm.ps1:29 char:3
+   & $NODE_EXE 
$NPM_CLI_JS $args
+   ~~~~~~~~~~~~~~~~~~
~~~~~~~~~~~
    + CategoryInfo    
          : NotSpeci  
  fied: (Failed to    
 compile.:String)     
[], RemoteExcepti    
on
    + FullyQualifiedE 
   rrorId : NativeCo  
  mmandError
 

./_legacy/src/App.tsx:
6:46
Type error: Cannot 
find module 
'react-router-dom' or 
its corresponding 
type declarations.

[0m [90m 4 |[39m 
[36mimport[39m { [3
3mTooltipProvider[39m
 } [36mfrom[39m [32
m"@/components/ui/tool
tip"[39m[33m;[39m
 [90m 5 |[39m 
[36mimport[39m { [3
3mQueryClient[39m[33
m,[39m [33mQueryClie
ntProvider[39m } 
[36mfrom[39m [32m"@
tanstack/react-query"
[39m[33m;[39m
[31m[1m>[22m[39m[
90m 6 |[39m 
[36mimport[39m { [3
3mBrowserRouter[39m[
33m,[39m [33mRoutes
[39m[33m,[39m 
[33mRoute[39m } 
[36mfrom[39m [32m"r
eact-router-dom"[39m
[33m;[39m
 [90m   |[39m       
                      
                 
[31m[1m^[22m[39m
 [90m 7 |[39m 
[36mimport[39m 
[33mScrollToTop[39m 
[36mfrom[39m [32m".
/components/ScrollToTo
p"[39m[33m;[39m
 [90m 8 |[39m 
[36mimport[39m 
[33mIndex[39m 
[36mfrom[39m [32m".
/pages/Index"[39m[33
m;[39m
 [90m 9 |[39m 
[36mimport[39m 
[33mServices[39m 
[36mfrom[39m [32m".
/pages/Services"[39m
[33m;[39m[0m
Next.js build worker 
exited with code: 1 
and signal: null
